// Jest Snapshot v1, https://goo.gl/fbAQLP

exports[`loads the chapter list 1`] = `
<div>
  <div
    class="container w-full max-w-6xl p-4 md:mx-auto bg-white overflow-hidden"
  >
    <div
      class="p-4 md:p-8"
    >
      <div
        class="mb-4 md:mb-8"
      >
        <h1
          class="font-bold text-xl"
        >
          chapterList.title
        </h1>
        <p
          class="py-4"
        >
          chapterList.subtitle
        </p>
        <p>
          If your area doesn't have a Masks For Docs Chapter yet, we are looking for volunteers to start new ones. Get in touch on
           
          <a
            class="underline text-blue-600 visited:text-purple-600"
            href="https://masksfordocs.slack.com"
            target=""
          >
            Slack
          </a>
          to start one [Need better copy here].
        </p>
      </div>
      <div
        class="grid grid-cols-1 gap-4"
      >
        <ul>
          <li
            class="border-t border-gray-200"
          >
            <a
              href="/wa-sea"
            >
              <div
                class="py-4 hover:bg-gray-200"
              >
                <div
                  class="flex items-center justify-between"
                >
                  <div
                    class="text-sm leading-5 font-medium text-black"
                  >
                    Seattle
                  </div>
                  <div
                    class="ml-2 flex-shrink-0 flex"
                  >
                    <span
                      class="px-2 inline-flex text-xs leading-5 font-semibold"
                    />
                  </div>
                </div>
              </div>
            </a>
          </li>
          <li
            class="border-t border-gray-200"
          >
            <a
              href="/ca-oak"
            >
              <div
                class="py-4 hover:bg-gray-200"
              >
                <div
                  class="flex items-center justify-between"
                >
                  <div
                    class="text-sm leading-5 font-medium text-black"
                  >
                    Oakland
                  </div>
                  <div
                    class="ml-2 flex-shrink-0 flex"
                  >
                    <span
                      class="px-2 inline-flex text-xs leading-5 font-semibold"
                    />
                  </div>
                </div>
              </div>
            </a>
          </li>
        </ul>
      </div>
    </div>
  </div>
</div>
`;
