// Jest Snapshot v1, https://goo.gl/fbAQLP

exports[`shows the nav bar 1`] = `
<div>
  <header
    class="sticky top-0 z-50"
  >
    <nav
      class="flex flex-row items-center justify-between flex-wrap flex-shrink-0 w-full max-w-7xl mx-auto rounded-b bg-black font-heading text-gray-100 p-2 lg:py-4 lg:px-2"
    >
      <button
        class="lg:hidden flex items-center px-3 py-2 focus:outline-none"
        data-cy="toggle-menu"
      >
        <svg
          fill="none"
          height="17"
          viewBox="0 0 18 17"
          width="18"
          xmlns="http://www.w3.org/2000/svg"
        >
          <title>
            navBar.toggleMenu
          </title>
          <path
            d="M1.8 3.27407H16.2C17.19 3.27407 18 2.53741 18 1.63704C18 0.736667 17.19 0 16.2 0H1.8C0.81 0 0 0.736667 0 1.63704C0 2.53741 0.81 3.27407 1.8 3.27407ZM16.2 13.7259H1.8C0.81 13.7259 0 14.4626 0 15.363C0 16.2633 0.81 17 1.8 17H16.2C17.19 17 18 16.2633 18 15.363C18 14.4626 17.19 13.7259 16.2 13.7259ZM16.2 6.86296H1.8C0.81 6.86296 0 7.59963 0 8.5C0 9.40037 0.81 10.137 1.8 10.137H16.2C17.19 10.137 18 9.40037 18 8.5C18 7.59963 17.19 6.86296 16.2 6.86296Z"
            fill="white"
          />
        </svg>
      </button>
      <a
        class="flex items-center flex-shrink-0 lg:ml-4 lg:mr-9 flex-grow lg:flex-grow-0"
        href="https://example.com"
      >
        <img
          alt="Distribute Aid logo"
          src="http://www.fillmurray.com/136/40"
        />
      </a>
      <a
        class="font-mono bg-mfd-pink-1 block text-base sm:text-lg font-bold leading-none rounded hover:border-transparent hover:text-mfd-pink-1 hover:bg-white px-4 py-2 sm:px-6 sm:py-3 sm:hidden lg:mr-2 self-end lg:mt-0"
        href="https://masksfordocs.com/donate"
        rel="noopener noreferrer"
        target="_blank"
      >
        navBar.donateLink
      </a>
      <div
        class="w-full hidden ml-3 lg:ml-8 flex-grow lg:flex lg:items-center lg:w-auto flex-shrink-0"
      >
        <div
          class="text-sm pb-4 lg:pb-0 lg:flex-grow flex-shrink-0"
        >
          <a
            class="block font-medium mt-4 lg:inline-block lg:mt-0 active:text-pink-400 cursor-pointer mr-12 hover:text-mfd-pink-1"
            href="http://example.com"
          >
            navBar.aboutLink
          </a>
          <a
            class="block font-medium mt-4 lg:inline-block lg:mt-0 active:text-pink-400 cursor-pointer mr-12 hover:text-mfd-pink-1"
            href="http://example.com"
          >
            Placeholder
          </a>
          <a
            class="block font-medium mt-4 lg:inline-block lg:mt-0 active:text-pink-400 cursor-pointer mr-12 hover:text-mfd-pink-1"
            href="http://example.com"
          >
            Placeholder
          </a>
          <a
            class="block font-medium mt-4 lg:inline-block lg:mt-0 active:text-pink-400 cursor-pointer mr-12 hover:text-mfd-pink-1"
            href="http://example.com"
          >
            Placeholder
          </a>
          <a
            class="block font-medium mt-4 lg:inline-block lg:mt-0 active:text-pink-400 cursor-pointer mr-12 hover:text-mfd-pink-1"
            href="http://example.com"
          >
            Placeholder
          </a>
          <a
            class="block font-medium mt-4 lg:inline-block lg:mt-0 active:text-pink-400 cursor-pointer mr-12 hover:text-mfd-pink-1"
            href="http://example.com"
          >
            navBar.resourcesLink
          </a>
          <a
            class="block font-medium mt-4 lg:inline-block lg:mt-0 active:text-pink-400 cursor-pointer mr-12 hover:text-mfd-pink-1"
            href="http://example.com"
          >
            navBar.faqLink
          </a>
        </div>
      </div>
      <a
        class="font-mono bg-mfd-pink-1 block text-base sm:text-lg font-bold leading-none rounded hover:border-transparent hover:text-mfd-pink-1 hover:bg-white px-4 py-2 sm:px-6 sm:py-3 hidden sm:block lg:mr-2 self-end lg:mt-0"
        href="https://masksfordocs.com/donate"
        rel="noopener noreferrer"
        target="_blank"
      >
        navBar.donateLink
      </a>
    </nav>
  </header>
</div>
`;
